============================= test session starts ==============================
platform linux -- Python 3.9.19, pytest-8.3.3, pluggy-1.5.0 -- /home/ubuntu/.pyenv/versions/3.9.19/bin/python3.9
cachedir: .pytest_cache
rootdir: /home/ubuntu/NeuroFlex
configfile: pytest.ini
collecting ... collected 16 items

tests/test_core_components.py::test_neuroflex_initialization PASSED      [  6%]
tests/test_core_components.py::test_self_curing_algorithm PASSED         [ 12%]
tests/test_core_components.py::test_multi_modal_learning PASSED          [ 18%]
tests/test_core_components.py::test_generative_ai_model PASSED           [ 25%]
tests/test_core_components.py::test_unified_transformer PASSED           [ 31%]
tests/test_core_components.py::test_advanced_quantum_model PASSED        [ 37%]
tests/test_core_components.py::test_bci_processor PASSED                 [ 43%]
tests/test_core_components.py::test_bioinformatics_integration PASSED    [ 50%]
tests/test_core_components.py::test_edge_ai_optimization PASSED          [ 56%]
tests/test_core_components.py::test_zero_shot_agent PASSED               [ 62%]
tests/test_core_components.py::test_advanced_security_agent PASSED       [ 68%]
tests/test_core_components.py::test_consciousness_simulation PASSED      [ 75%]
tests/test_core_components.py::test_process_bci_data PASSED              [ 81%]
tests/test_core_components.py::test_simulate_consciousness PASSED        [ 87%]
tests/test_core_components.py::test_predict_protein_structure PASSED     [ 93%]
tests/test_core_components.py::test_optimize_for_edge PASSED             [100%]

=============================== warnings summary ===============================
../.pyenv/versions/3.9.19/lib/python3.9/site-packages/Bio/Data/SCOPData.py:18
  /home/ubuntu/.pyenv/versions/3.9.19/lib/python3.9/site-packages/Bio/Data/SCOPData.py:18: BiopythonDeprecationWarning: The 'Bio.Data.SCOPData' module will be deprecated in a future release of Biopython in favor of 'Bio.Data.PDBData.
    warnings.warn(

tests/test_core_components.py::test_process_bci_data
  /home/ubuntu/.pyenv/versions/3.9.19/lib/python3.9/site-packages/sklearn/decomposition/_fastica.py:488: FutureWarning: From version 1.3 whiten='unit-variance' will be used by default.
    warnings.warn(

tests/test_core_components.py::test_process_bci_data
  /home/ubuntu/.pyenv/versions/3.9.19/lib/python3.9/site-packages/sklearn/decomposition/_fastica.py:120: ConvergenceWarning: FastICA did not converge. Consider increasing tolerance or the maximum number of iterations.
    warnings.warn(

tests/test_core_components.py::test_process_bci_data
  /home/ubuntu/.pyenv/versions/3.9.19/lib/python3.9/site-packages/pywt/_multilevel.py:43: UserWarning: Level value of 5 is too high: all coefficients will experience boundary effects.
    warnings.warn(

-- Docs: https://docs.pytest.org/en/stable/how-to/capture-warnings.html
======================= 16 passed, 4 warnings in 31.49s ========================
